../Core/Src/main.c:267:5:main	48	static
../Core/Src/main.c:493:6:SystemClock_Config	88	static
../Core/Src/main.c:538:6:Screen_Init	32	static
../Core/Src/main.c:562:6:MAX7219_Flush	32	static
../Core/Src/main.c:593:6:MAX7219_Clear	16	static
../Core/Src/main.c:595:6:MAX7219_SetPixel	24	static
../Core/Src/main.c:603:9:MAX7219_GetPixel	24	static
../Core/Src/main.c:610:10:Read_ADC_Channel	40	static
../Core/Src/main.c:627:8:Wrap_Coordinate	16	static
../Core/Src/main.c:631:9:Check_Pixel_Collision	16	static
../Core/Src/main.c:637:9:Check_Full_Rows	16	static
../Core/Src/main.c:669:6:Audio_Init	64	static
../Core/Src/main.c:705:6:Audio_Beep	440	static
../Core/Src/main.c:732:6:Tetromino_Spawn	16	static
../Core/Src/main.c:738:9:Tetromino_CheckCollision	24	static
../Core/Src/main.c:748:6:Tetromino_Lock	16	static
../Core/Src/main.c:757:6:Tetromino_Draw	24	static
../Core/Src/main.c:766:6:Tetromino_Rotate	48	static
../Core/Src/main.c:798:6:LCD_Send4Bits	16	static
../Core/Src/main.c:805:6:LCD_EnablePulse	8	static
../Core/Src/main.c:812:6:LCD_SendCommand	16	static
../Core/Src/main.c:820:6:LCD_SendData	16	static
../Core/Src/main.c:828:6:LCD_Init	8	static
../Core/Src/main.c:844:6:LCD_LoadCustomChars	16	static
../Core/Src/main.c:854:6:LCD_SendString	16	static
../Core/Src/main.c:858:6:LCD_SetCursor	24	static
../Core/Src/main.c:863:6:LCD_UpdateStats	24	static
../Core/Src/main.c:881:6:Error_Handler	4	static,ignoring_inline_asm
