../Core/Src/main.c:304:5:main	64	static
../Core/Src/main.c:578:6:SystemClock_Config	88	static
../Core/Src/main.c:623:6:Screen_Init	32	static
../Core/Src/main.c:647:6:MAX7219_Flush	16	static
../Core/Src/main.c:666:6:MAX7219_Clear	16	static
../Core/Src/main.c:668:6:MAX7219_SetPixel	24	static
../Core/Src/main.c:676:9:MAX7219_GetPixel	24	static
../Core/Src/main.c:683:10:Read_ADC_Channel	40	static
../Core/Src/main.c:700:8:Wrap_Coordinate	16	static
../Core/Src/main.c:704:9:Check_Pixel_Collision	16	static
../Core/Src/main.c:710:9:Check_Full_Rows	16	static
../Core/Src/main.c:742:6:Tetromino_Spawn	16	static
../Core/Src/main.c:748:9:Tetromino_CheckCollision	24	static
../Core/Src/main.c:758:6:Tetromino_Lock	16	static
../Core/Src/main.c:767:6:Tetromino_Draw	24	static
../Core/Src/main.c:776:6:Tetromino_Rotate	48	static
../Core/Src/main.c:809:6:LCD_Send4Bits	16	static
../Core/Src/main.c:816:6:LCD_EnablePulse	8	static
../Core/Src/main.c:823:6:LCD_SendCommand	16	static
../Core/Src/main.c:831:6:LCD_SendData	16	static
../Core/Src/main.c:839:6:LCD_Init	8	static
../Core/Src/main.c:855:6:LCD_LoadCustomChars	16	static
../Core/Src/main.c:865:6:LCD_SendString	16	static
../Core/Src/main.c:869:6:LCD_SetCursor	24	static
../Core/Src/main.c:874:6:LCD_UpdateStats	24	static
../Core/Src/main.c:888:6:Audio_Init	64	static
../Core/Src/main.c:921:6:Audio_Beep	32	static
../Core/Src/main.c:937:6:Audio_Update	24	static
../Core/Src/main.c:953:6:Error_Handler	4	static,ignoring_inline_asm
